../Drivers/CMSIS/Include/core_cm4.h:1606:23:__NVIC_SetPriorityGrouping	24	static
../Drivers/CMSIS/Include/core_cm4.h:1622:27:__NVIC_GetPriorityGrouping	4	static
../Drivers/CMSIS/Include/core_cm4.h:1632:23:__NVIC_EnableIRQ	16	static,ignoring_inline_asm
../Drivers/CMSIS/Include/core_cm4.h:1664:23:__NVIC_DisableIRQ	16	static,ignoring_inline_asm
../Drivers/CMSIS/Include/core_cm4.h:1680:27:__NVIC_GetPendingIRQ	16	static
../Drivers/CMSIS/Include/core_cm4.h:1696:23:__NVIC_SetPendingIRQ	16	static
../Drivers/CMSIS/Include/core_cm4.h:1708:23:__NVIC_ClearPendingIRQ	16	static
../Drivers/CMSIS/Include/core_cm4.h:1722:27:__NVIC_GetActive	16	static
../Drivers/CMSIS/Include/core_cm4.h:1741:23:__NVIC_SetPriority	16	static
../Drivers/CMSIS/Include/core_cm4.h:1759:27:__NVIC_GetPriority	16	static
../Drivers/CMSIS/Include/core_cm4.h:1779:27:NVIC_EncodePriority	40	static
../Drivers/CMSIS/Include/core_cm4.h:1806:23:NVIC_DecodePriority	40	static
../Drivers/CMSIS/Include/core_cm4.h:1855:35:__NVIC_SystemReset	4	static,ignoring_inline_asm
../Drivers/CMSIS/Include/core_cm4.h:1928:26:SysTick_Config	16	static
../Drivers/STM32L4xx_HAL_Driver/Src/stm32l4xx_hal_cortex.c:161:6:HAL_NVIC_SetPriorityGrouping	16	static
../Drivers/STM32L4xx_HAL_Driver/Src/stm32l4xx_hal_cortex.c:182:6:HAL_NVIC_SetPriority	32	static
../Drivers/STM32L4xx_HAL_Driver/Src/stm32l4xx_hal_cortex.c:203:6:HAL_NVIC_EnableIRQ	16	static
../Drivers/STM32L4xx_HAL_Driver/Src/stm32l4xx_hal_cortex.c:218:6:HAL_NVIC_DisableIRQ	16	static
../Drivers/STM32L4xx_HAL_Driver/Src/stm32l4xx_hal_cortex.c:230:6:HAL_NVIC_SystemReset	8	static
../Drivers/STM32L4xx_HAL_Driver/Src/stm32l4xx_hal_cortex.c:242:10:HAL_SYSTICK_Config	16	static
../Drivers/STM32L4xx_HAL_Driver/Src/stm32l4xx_hal_cortex.c:269:10:HAL_NVIC_GetPriorityGrouping	8	static
../Drivers/STM32L4xx_HAL_Driver/Src/stm32l4xx_hal_cortex.c:295:6:HAL_NVIC_GetPriority	24	static
../Drivers/STM32L4xx_HAL_Driver/Src/stm32l4xx_hal_cortex.c:309:6:HAL_NVIC_SetPendingIRQ	16	static
../Drivers/STM32L4xx_HAL_Driver/Src/stm32l4xx_hal_cortex.c:326:10:HAL_NVIC_GetPendingIRQ	16	static
../Drivers/STM32L4xx_HAL_Driver/Src/stm32l4xx_hal_cortex.c:341:6:HAL_NVIC_ClearPendingIRQ	16	static
../Drivers/STM32L4xx_HAL_Driver/Src/stm32l4xx_hal_cortex.c:357:10:HAL_NVIC_GetActive	16	static
../Drivers/STM32L4xx_HAL_Driver/Src/stm32l4xx_hal_cortex.c:370:6:HAL_SYSTICK_CLKSourceConfig	16	static
../Drivers/STM32L4xx_HAL_Driver/Src/stm32l4xx_hal_cortex.c:384:6:HAL_SYSTICK_IRQHandler	8	static
../Drivers/STM32L4xx_HAL_Driver/Src/stm32l4xx_hal_cortex.c:392:13:HAL_SYSTICK_Callback	4	static
../Drivers/STM32L4xx_HAL_Driver/Src/stm32l4xx_hal_cortex.c:410:6:HAL_MPU_Enable	16	static,ignoring_inline_asm
../Drivers/STM32L4xx_HAL_Driver/Src/stm32l4xx_hal_cortex.c:423:6:HAL_MPU_Disable	4	static,ignoring_inline_asm
../Drivers/STM32L4xx_HAL_Driver/Src/stm32l4xx_hal_cortex.c:437:6:HAL_MPU_ConfigRegion	16	static
