../Drivers/STM32L4xx_HAL_Driver/Src/stm32l4xx_hal_rcc_ex.c:194:19:HAL_RCCEx_PeriphCLKConfig	32	static
../Drivers/STM32L4xx_HAL_Driver/Src/stm32l4xx_hal_rcc_ex.c:781:6:HAL_RCCEx_GetPeriphCLKConfig	16	static
../Drivers/STM32L4xx_HAL_Driver/Src/stm32l4xx_hal_rcc_ex.c:1110:10:HAL_RCCEx_GetPeriphCLKFreq	40	static
../Drivers/STM32L4xx_HAL_Driver/Src/stm32l4xx_hal_rcc_ex.c:1964:19:HAL_RCCEx_EnablePLLSAI1	24	static
../Drivers/STM32L4xx_HAL_Driver/Src/stm32l4xx_hal_rcc_ex.c:2027:19:HAL_RCCEx_DisablePLLSAI1	16	static
../Drivers/STM32L4xx_HAL_Driver/Src/stm32l4xx_hal_rcc_ex.c:2200:6:HAL_RCCEx_WakeUpStopCLKConfig	16	static
../Drivers/STM32L4xx_HAL_Driver/Src/stm32l4xx_hal_rcc_ex.c:2217:6:HAL_RCCEx_StandbyMSIRangeConfig	16	static
../Drivers/STM32L4xx_HAL_Driver/Src/stm32l4xx_hal_rcc_ex.c:2230:6:HAL_RCCEx_EnableLSECSS	4	static
../Drivers/STM32L4xx_HAL_Driver/Src/stm32l4xx_hal_rcc_ex.c:2239:6:HAL_RCCEx_DisableLSECSS	4	static
../Drivers/STM32L4xx_HAL_Driver/Src/stm32l4xx_hal_rcc_ex.c:2251:6:HAL_RCCEx_EnableLSECSS_IT	4	static
../Drivers/STM32L4xx_HAL_Driver/Src/stm32l4xx_hal_rcc_ex.c:2267:6:HAL_RCCEx_LSECSS_IRQHandler	8	static
../Drivers/STM32L4xx_HAL_Driver/Src/stm32l4xx_hal_rcc_ex.c:2282:13:HAL_RCCEx_LSECSS_Callback	4	static
../Drivers/STM32L4xx_HAL_Driver/Src/stm32l4xx_hal_rcc_ex.c:2296:6:HAL_RCCEx_EnableLSCO	48	static
../Drivers/STM32L4xx_HAL_Driver/Src/stm32l4xx_hal_rcc_ex.c:2338:6:HAL_RCCEx_DisableLSCO	16	static
../Drivers/STM32L4xx_HAL_Driver/Src/stm32l4xx_hal_rcc_ex.c:2371:6:HAL_RCCEx_EnableMSIPLLMode	4	static
../Drivers/STM32L4xx_HAL_Driver/Src/stm32l4xx_hal_rcc_ex.c:2380:6:HAL_RCCEx_DisableMSIPLLMode	4	static
../Drivers/STM32L4xx_HAL_Driver/Src/stm32l4xx_hal_rcc_ex.c:2476:6:HAL_RCCEx_CRSConfig	24	static
../Drivers/STM32L4xx_HAL_Driver/Src/stm32l4xx_hal_rcc_ex.c:2518:6:HAL_RCCEx_CRSSoftwareSynchronizationGenerate	4	static
../Drivers/STM32L4xx_HAL_Driver/Src/stm32l4xx_hal_rcc_ex.c:2527:6:HAL_RCCEx_CRSGetSynchronizationInfo	16	static
../Drivers/STM32L4xx_HAL_Driver/Src/stm32l4xx_hal_rcc_ex.c:2559:10:HAL_RCCEx_CRSWaitSynchronization	24	static
../Drivers/STM32L4xx_HAL_Driver/Src/stm32l4xx_hal_rcc_ex.c:2632:6:HAL_RCCEx_CRS_IRQHandler	24	static
../Drivers/STM32L4xx_HAL_Driver/Src/stm32l4xx_hal_rcc_ex.c:2688:13:HAL_RCCEx_CRS_SyncOkCallback	4	static
../Drivers/STM32L4xx_HAL_Driver/Src/stm32l4xx_hal_rcc_ex.c:2698:13:HAL_RCCEx_CRS_SyncWarnCallback	4	static
../Drivers/STM32L4xx_HAL_Driver/Src/stm32l4xx_hal_rcc_ex.c:2708:13:HAL_RCCEx_CRS_ExpectedSyncCallback	4	static
../Drivers/STM32L4xx_HAL_Driver/Src/stm32l4xx_hal_rcc_ex.c:2723:13:HAL_RCCEx_CRS_ErrorCallback	16	static
../Drivers/STM32L4xx_HAL_Driver/Src/stm32l4xx_hal_rcc_ex.c:2758:26:RCCEx_PLLSAI1_Config	24	static
../Drivers/STM32L4xx_HAL_Driver/Src/stm32l4xx_hal_rcc_ex.c:3129:17:RCCEx_GetSAIxPeriphCLKFreq	40	static
