../Drivers/STM32L4xx_HAL_Driver/Src/stm32l4xx_hal_pwr_ex.c:109:10:HAL_PWREx_GetVoltageRange	4	static
../Drivers/STM32L4xx_HAL_Driver/Src/stm32l4xx_hal_pwr_ex.c:155:19:HAL_PWREx_ControlVoltageScaling	24	static
../Drivers/STM32L4xx_HAL_Driver/Src/stm32l4xx_hal_pwr_ex.c:265:6:HAL_PWREx_EnableBatteryCharging	16	static
../Drivers/STM32L4xx_HAL_Driver/Src/stm32l4xx_hal_pwr_ex.c:279:6:HAL_PWREx_DisableBatteryCharging	4	static
../Drivers/STM32L4xx_HAL_Driver/Src/stm32l4xx_hal_pwr_ex.c:289:6:HAL_PWREx_EnableVddUSB	4	static
../Drivers/STM32L4xx_HAL_Driver/Src/stm32l4xx_hal_pwr_ex.c:297:6:HAL_PWREx_DisableVddUSB	4	static
../Drivers/STM32L4xx_HAL_Driver/Src/stm32l4xx_hal_pwr_ex.c:328:6:HAL_PWREx_EnableInternalWakeUpLine	4	static
../Drivers/STM32L4xx_HAL_Driver/Src/stm32l4xx_hal_pwr_ex.c:336:6:HAL_PWREx_DisableInternalWakeUpLine	4	static
../Drivers/STM32L4xx_HAL_Driver/Src/stm32l4xx_hal_pwr_ex.c:361:19:HAL_PWREx_EnableGPIOPullUp	24	static
../Drivers/STM32L4xx_HAL_Driver/Src/stm32l4xx_hal_pwr_ex.c:441:19:HAL_PWREx_DisableGPIOPullUp	24	static
../Drivers/STM32L4xx_HAL_Driver/Src/stm32l4xx_hal_pwr_ex.c:514:19:HAL_PWREx_EnableGPIOPullDown	24	static
../Drivers/STM32L4xx_HAL_Driver/Src/stm32l4xx_hal_pwr_ex.c:594:19:HAL_PWREx_DisableGPIOPullDown	24	static
../Drivers/STM32L4xx_HAL_Driver/Src/stm32l4xx_hal_pwr_ex.c:660:6:HAL_PWREx_EnablePullUpPullDownConfig	4	static
../Drivers/STM32L4xx_HAL_Driver/Src/stm32l4xx_hal_pwr_ex.c:670:6:HAL_PWREx_DisablePullUpPullDownConfig	4	static
../Drivers/STM32L4xx_HAL_Driver/Src/stm32l4xx_hal_pwr_ex.c:678:6:HAL_PWREx_EnableSRAM2ContentRetention	8	static
../Drivers/STM32L4xx_HAL_Driver/Src/stm32l4xx_hal_pwr_ex.c:686:6:HAL_PWREx_DisableSRAM2ContentRetention	8	static
../Drivers/STM32L4xx_HAL_Driver/Src/stm32l4xx_hal_pwr_ex.c:700:19:HAL_PWREx_SetSRAM2ContentRetention	16	static
../Drivers/STM32L4xx_HAL_Driver/Src/stm32l4xx_hal_pwr_ex.c:820:6:HAL_PWREx_EnablePVM1	4	static
../Drivers/STM32L4xx_HAL_Driver/Src/stm32l4xx_hal_pwr_ex.c:828:6:HAL_PWREx_DisablePVM1	4	static
../Drivers/STM32L4xx_HAL_Driver/Src/stm32l4xx_hal_pwr_ex.c:857:6:HAL_PWREx_EnablePVM3	4	static
../Drivers/STM32L4xx_HAL_Driver/Src/stm32l4xx_hal_pwr_ex.c:865:6:HAL_PWREx_DisablePVM3	4	static
../Drivers/STM32L4xx_HAL_Driver/Src/stm32l4xx_hal_pwr_ex.c:873:6:HAL_PWREx_EnablePVM4	4	static
../Drivers/STM32L4xx_HAL_Driver/Src/stm32l4xx_hal_pwr_ex.c:881:6:HAL_PWREx_DisablePVM4	4	static
../Drivers/STM32L4xx_HAL_Driver/Src/stm32l4xx_hal_pwr_ex.c:897:19:HAL_PWREx_ConfigPVM	24	static
../Drivers/STM32L4xx_HAL_Driver/Src/stm32l4xx_hal_pwr_ex.c:1042:6:HAL_PWREx_EnableLowPowerRunMode	4	static
../Drivers/STM32L4xx_HAL_Driver/Src/stm32l4xx_hal_pwr_ex.c:1055:19:HAL_PWREx_DisableLowPowerRunMode	16	static
../Drivers/STM32L4xx_HAL_Driver/Src/stm32l4xx_hal_pwr_ex.c:1095:6:HAL_PWREx_EnterSTOP0Mode	16	static,ignoring_inline_asm
../Drivers/STM32L4xx_HAL_Driver/Src/stm32l4xx_hal_pwr_ex.c:1141:6:HAL_PWREx_EnterSTOP1Mode	16	static,ignoring_inline_asm
../Drivers/STM32L4xx_HAL_Driver/Src/stm32l4xx_hal_pwr_ex.c:1189:6:HAL_PWREx_EnterSTOP2Mode	16	static,ignoring_inline_asm
../Drivers/STM32L4xx_HAL_Driver/Src/stm32l4xx_hal_pwr_ex.c:1223:6:HAL_PWREx_EnterSHUTDOWNMode	4	static,ignoring_inline_asm
../Drivers/STM32L4xx_HAL_Driver/Src/stm32l4xx_hal_pwr_ex.c:1244:6:HAL_PWREx_PVD_PVM_IRQHandler	8	static
../Drivers/STM32L4xx_HAL_Driver/Src/stm32l4xx_hal_pwr_ex.c:1294:13:HAL_PWREx_PVM1Callback	4	static
../Drivers/STM32L4xx_HAL_Driver/Src/stm32l4xx_hal_pwr_ex.c:1318:13:HAL_PWREx_PVM3Callback	4	static
../Drivers/STM32L4xx_HAL_Driver/Src/stm32l4xx_hal_pwr_ex.c:1328:13:HAL_PWREx_PVM4Callback	4	static
