../Drivers/STM32L4xx_HAL_Driver/Src/stm32l4xx_hal_flash.c:164:19:HAL_FLASH_Program	32	static
../Drivers/STM32L4xx_HAL_Driver/Src/stm32l4xx_hal_flash.c:234:19:HAL_FLASH_Program_IT	32	static
../Drivers/STM32L4xx_HAL_Driver/Src/stm32l4xx_hal_flash.c:282:6:HAL_FLASH_IRQHandler	24	static
../Drivers/STM32L4xx_HAL_Driver/Src/stm32l4xx_hal_flash.c:400:13:HAL_FLASH_EndOfOperationCallback	16	static
../Drivers/STM32L4xx_HAL_Driver/Src/stm32l4xx_hal_flash.c:417:13:HAL_FLASH_OperationErrorCallback	16	static
../Drivers/STM32L4xx_HAL_Driver/Src/stm32l4xx_hal_flash.c:449:19:HAL_FLASH_Unlock	16	static
../Drivers/STM32L4xx_HAL_Driver/Src/stm32l4xx_hal_flash.c:470:19:HAL_FLASH_Lock	4	static
../Drivers/STM32L4xx_HAL_Driver/Src/stm32l4xx_hal_flash.c:481:19:HAL_FLASH_OB_Unlock	4	static
../Drivers/STM32L4xx_HAL_Driver/Src/stm32l4xx_hal_flash.c:497:19:HAL_FLASH_OB_Lock	4	static
../Drivers/STM32L4xx_HAL_Driver/Src/stm32l4xx_hal_flash.c:508:19:HAL_FLASH_OB_Launch	8	static
../Drivers/STM32L4xx_HAL_Driver/Src/stm32l4xx_hal_flash.c:556:10:HAL_FLASH_GetError	4	static
../Drivers/STM32L4xx_HAL_Driver/Src/stm32l4xx_hal_flash.c:579:19:FLASH_WaitForLastOperation	24	static
../Drivers/STM32L4xx_HAL_Driver/Src/stm32l4xx_hal_flash.c:623:13:FLASH_Program_DoubleWord	24	static,ignoring_inline_asm
../Drivers/STM32L4xx_HAL_Driver/Src/stm32l4xx_hal_flash.c:647:13:FLASH_Program_Fast	40	static,ignoring_inline_asm
