../Drivers/STM32L4xx_HAL_Driver/Src/stm32l4xx_hal_rcc.c:265:19:HAL_RCC_DeInit	16	static
../Drivers/STM32L4xx_HAL_Driver/Src/stm32l4xx_hal_rcc.c:396:19:HAL_RCC_OscConfig	40	static
../Drivers/STM32L4xx_HAL_Driver/Src/stm32l4xx_hal_rcc.c:992:19:HAL_RCC_ClockConfig	24	static
../Drivers/STM32L4xx_HAL_Driver/Src/stm32l4xx_hal_rcc.c:1210:6:HAL_RCC_MCOConfig	48	static
../Drivers/STM32L4xx_HAL_Driver/Src/stm32l4xx_hal_rcc.c:1268:10:HAL_RCC_GetSysClockFreq	40	static
../Drivers/STM32L4xx_HAL_Driver/Src/stm32l4xx_hal_rcc.c:1342:10:HAL_RCC_GetHCLKFreq	4	static
../Drivers/STM32L4xx_HAL_Driver/Src/stm32l4xx_hal_rcc.c:1352:10:HAL_RCC_GetPCLK1Freq	8	static
../Drivers/STM32L4xx_HAL_Driver/Src/stm32l4xx_hal_rcc.c:1363:10:HAL_RCC_GetPCLK2Freq	8	static
../Drivers/STM32L4xx_HAL_Driver/Src/stm32l4xx_hal_rcc.c:1375:6:HAL_RCC_GetOscConfig	16	static
../Drivers/STM32L4xx_HAL_Driver/Src/stm32l4xx_hal_rcc.c:1508:6:HAL_RCC_GetClockConfig	16	static
../Drivers/STM32L4xx_HAL_Driver/Src/stm32l4xx_hal_rcc.c:1543:6:HAL_RCC_EnableCSS	4	static
../Drivers/STM32L4xx_HAL_Driver/Src/stm32l4xx_hal_rcc.c:1552:6:HAL_RCC_NMI_IRQHandler	8	static
../Drivers/STM32L4xx_HAL_Driver/Src/stm32l4xx_hal_rcc.c:1567:13:HAL_RCC_CSSCallback	4	static
../Drivers/STM32L4xx_HAL_Driver/Src/stm32l4xx_hal_rcc.c:1580:10:HAL_RCC_GetResetSource	16	static
../Drivers/STM32L4xx_HAL_Driver/Src/stm32l4xx_hal_rcc.c:1609:26:RCC_SetFlashLatencyFromMSIRange	32	static
