../Core/Src/main.c:93:5:main	56	static
../Core/Src/main.c:199:6:SystemClock_Config	96	static
../Core/Src/main.c:254:6:PeriphCommonClock_Config	96	static
../Core/Src/main.c:278:13:MX_SAI1_Init	8	static
../Core/Src/main.c:324:13:MX_SPI1_Init	8	static
../Core/Src/main.c:362:13:MX_USART2_UART_Init	8	static
../Core/Src/main.c:393:13:MX_DMA_Init	16	static
../Core/Src/main.c:417:13:MX_GPIO_Init	40	static
../Core/Src/main.c:482:6:HAL_SAI_RxCpltCallback	16	static
../Core/Src/main.c:486:6:HAL_SAI_RxHalfCpltCallback	16	static
../Core/Src/main.c:490:6:processData	24	static
../Core/Src/main.c:536:6:Error_Handler	4	static,ignoring_inline_asm
