../Core/Src/z_displ_ILI9XXX_test.c:36:6:testLines	56	static
../Core/Src/z_displ_ILI9XXX_test.c:85:6:testFastLines	40	static
../Core/Src/z_displ_ILI9XXX_test.c:95:6:testRects	56	static
../Core/Src/z_displ_ILI9XXX_test.c:106:6:testFilledRects	56	static
../Core/Src/z_displ_ILI9XXX_test.c:118:6:testFilledCircles	40	static
../Core/Src/z_displ_ILI9XXX_test.c:128:6:testCircles	40	static
../Core/Src/z_displ_ILI9XXX_test.c:139:6:testTriangles	56	static
../Core/Src/z_displ_ILI9XXX_test.c:152:6:testFilledTriangles	56	static
../Core/Src/z_displ_ILI9XXX_test.c:162:6:testRoundRects	56	static
../Core/Src/z_displ_ILI9XXX_test.c:176:6:testFilledRoundRects	48	static
../Core/Src/z_displ_ILI9XXX_test.c:189:6:TestChar	64	static
../Core/Src/z_displ_ILI9XXX_test.c:209:6:wait	32	static
../Core/Src/z_displ_ILI9XXX_test.c:222:6:TestFillScreen	16	static
../Core/Src/z_displ_ILI9XXX_test.c:240:6:TestHVLine	32	static
../Core/Src/z_displ_ILI9XXX_test.c:258:6:Displ_Page	80	static
../Core/Src/z_displ_ILI9XXX_test.c:266:6:testFillScreen	8	static
../Core/Src/z_displ_ILI9XXX_test.c:274:6:Displ_ColorTest	88	static,ignoring_inline_asm
../Core/Src/z_displ_ILI9XXX_test.c:301:6:Displ_TestAll	8	static
../Core/Src/z_displ_ILI9XXX_test.c:315:6:Displ_PerfTest	128	static
