../Core/Src/z_displ_ILI9XXX.c:49:6:Displ_Select	8	static
../Core/Src/z_displ_ILI9XXX.c:68:6:Displ_Transmit	32	static,ignoring_inline_asm
../Core/Src/z_displ_ILI9XXX.c:129:6:Displ_WriteCommand	16	static
../Core/Src/z_displ_ILI9XXX.c:139:6:Displ_WriteData	24	static
../Core/Src/z_displ_ILI9XXX.c:148:6:ILI9XXX_Init	8	static
../Core/Src/z_displ_ILI9XXX.c:236:6:Displ_SetAddressWindow	24	static
../Core/Src/z_displ_ILI9XXX.c:253:6:Displ_Init	16	static
../Core/Src/z_displ_ILI9XXX.c:273:6:Displ_Orientation	16	static
../Core/Src/z_displ_ILI9XXX.c:302:6:HAL_SPI_ErrorCallback	16	static
../Core/Src/z_displ_ILI9XXX.c:308:6:HAL_SPI_TxCpltCallback	16	static
../Core/Src/z_displ_ILI9XXX.c:324:6:Displ_FillArea	56	static
../Core/Src/z_displ_ILI9XXX.c:412:6:ILI9488_DrawImage	24	static
../Core/Src/z_displ_ILI9XXX.c:422:6:Displ_Pixel	24	static
../Core/Src/z_displ_ILI9XXX.c:429:6:Displ_drawCircle	40	static
../Core/Src/z_displ_ILI9XXX.c:467:6:Displ_CLS	24	static
../Core/Src/z_displ_ILI9XXX.c:471:6:drawCircleHelper	40	static
../Core/Src/z_displ_ILI9XXX.c:506:6:fillCircleHelper	48	static
../Core/Src/z_displ_ILI9XXX.c:534:6:Displ_fillCircle	32	static
../Core/Src/z_displ_ILI9XXX.c:542:6:Displ_Line	56	static
../Core/Src/z_displ_ILI9XXX.c:615:6:Displ_Border	32	static
../Core/Src/z_displ_ILI9XXX.c:622:6:Displ_drawTriangle	32	static
../Core/Src/z_displ_ILI9XXX.c:628:6:Displ_fillTriangle	80	static
../Core/Src/z_displ_ILI9XXX.c:716:6:Displ_WChar	64	static
../Core/Src/z_displ_ILI9XXX.c:830:6:Displ_drawRoundRect	40	static
../Core/Src/z_displ_ILI9XXX.c:844:6:Displ_fillRoundRect	40	static
../Core/Src/z_displ_ILI9XXX.c:862:6:Displ_WString	64	static
../Core/Src/z_displ_ILI9XXX.c:899:6:Displ_CString	56	static
../Core/Src/z_displ_ILI9XXX.c:950:10:Displ_BackLight	16	static,ignoring_inline_asm
../Core/Src/z_displ_ILI9XXX.c:1017:5:touchgfxDisplayDriverTransmitActive	4	static
../Core/Src/z_displ_ILI9XXX.c:1027:6:touchgfxDisplayDriverTransmitBlock	32	static
