../Core/Src/z_touch_XPT2046.c:24:6:Touch_HandlePenDownInterrupt	4	static
../Core/Src/z_touch_XPT2046.c:30:6:HAL_GPIO_EXTI_Callback	16	static
../Core/Src/z_touch_XPT2046.c:36:6:HAL_GPIO_EXTI_Falling_Callback	16	static
../Core/Src/z_touch_XPT2046.c:40:6:HAL_GPIO_EXTI_Rising_Callback	16	static
../Core/Src/z_touch_XPT2046.c:48:6:Touch_Select	8	static
../Core/Src/z_touch_XPT2046.c:64:6:Touch_UnSelect	8	static
../Core/Src/z_touch_XPT2046.c:77:10:Touch_PollAxis	24	static
../Core/Src/z_touch_XPT2046.c:115:9:Touch_PollTouch	24	static
../Core/Src/z_touch_XPT2046.c:136:6:Touch_GetXYtouch	48	static
../Core/Src/z_touch_XPT2046.c:210:9:Touch_WaitForTouch	24	static
../Core/Src/z_touch_XPT2046.c:228:9:Touch_WaitForUntouch	24	static
../Core/Src/z_touch_XPT2046.c:260:9:Touch_In_XY_area	32	static
../Core/Src/z_touch_XPT2046.c:286:9:Touch_GotATouch	24	static
