12:21:03 **** Incremental Build of configuration Debug for project VUmeter_FFT_Demo ****
make -j8 all 
arm-none-eabi-size   VUmeter_FFT_Demo.elf 
   text	   data	    bss	    dec	    hex	filename
 160168	    536	  44456	 205160	  32168	VUmeter_FFT_Demo.elf
Finished building: default.size.stdout
 
12:21:14 **** Incremental Build of configuration Debug for project VUmeter_FFT_Demo ****
make -j8 all 
arm-none-eabi-size   VUmeter_FFT_Demo.elf 
   text	   data	    bss	    dec	    hex	filename
 160168	    536	  44456	 205160	  32168	VUmeter_FFT_Demo.elf
Finished building: default.size.stdout
 
